"text","","somOther",""
"someText","otherText","foo","bar"
"this","row","is","invalid"
"none","","",""
